<html>
<body>
<pre>
<h1>µVision Build Log</h1>
<h2>Tool Versions:</h2>
IDE-Version: ¦ÌVision V5.26.2.0
Copyright (C) 2018 ARM Ltd and ARM Germany GmbH. All rights reserved.
License Information: jinxiong Administrator, power, LIC=9WS74-FFSAS-DKLBN-YB1UA-QH6EP-FN8ZF
 
Tool Versions:
Toolchain:       MDK-ARM Plus  Version: 5.26.2.0
Toolchain Path:  D:\mdk526\ARM\ARMCC\Bin
C Compiler:      Armcc.exe V5.06 update 6 (build 750)
Assembler:       Armasm.exe V5.06 update 6 (build 750)
Linker/Locator:  ArmLink.exe V5.06 update 6 (build 750)
Library Manager: ArmAr.exe V5.06 update 6 (build 750)
Hex Converter:   FromElf.exe V5.06 update 6 (build 750)
CPU DLL:         SARMCM3.DLL V5.26.2.0
Dialog DLL:      DCM.DLL V1.17.2.0
Target DLL:      STLink\ST-LINKIII-KEIL_SWO.dll V3.0.5.0
Dialog DLL:      TCM.DLL V1.36.1.0
 
<h2>Project:</h2>
G:\cubetest\motor_test2\MDK-ARM\motor_test2.uvprojx
Project File Date:  01/26/2020

<h2>Output:</h2>
*** Using Compiler 'V5.06 update 6 (build 750)', folder: 'D:\mdk526\ARM\ARMCC\Bin'
Rebuild target 'motor_test2'
assembling startup_stm32l476xx.s...
compiling main.c...
../Inc/tim.h(89): warning:  #1295-D: Deprecated declaration stepmotor_FWDpulse - give arg types
  static void stepmotor_FWDpulse(  );
../Inc/tim.h(90): warning:  #1295-D: Deprecated declaration stepmotor_REVpulse - give arg types
  static void stepmotor_REVpulse(  );
../Src/main.c: 2 warnings, 0 errors
compiling stm32l4xx_it.c...
compiling stm32l4xx_hal_msp.c...
compiling gpio.c...
compiling tim.c...
../Inc/tim.h(89): warning:  #1295-D: Deprecated declaration stepmotor_FWDpulse - give arg types
  static void stepmotor_FWDpulse(  );
../Inc/tim.h(90): warning:  #1295-D: Deprecated declaration stepmotor_REVpulse - give arg types
  static void stepmotor_REVpulse(  );
../Src/tim.c(129): warning:  #177-D: variable "step_count"  was declared but never referenced
        static uint8_t  step_count = stepmotor_step;
../Src/tim.c: 3 warnings, 0 errors
compiling usart.c...
compiling stm32l4xx_hal.c...
compiling stm32l4xx_hal_flash.c...
compiling stm32l4xx_hal_flash_ramfunc.c...
compiling stm32l4xx_hal_tim.c...
compiling stm32l4xx_hal_tim_ex.c...
compiling stm32l4xx_hal_dma.c...
compiling stm32l4xx_hal_pwr_ex.c...
compiling stm32l4xx_hal_gpio.c...
compiling stm32l4xx_hal_cortex.c...
compiling stm32l4xx_hal_flash_ex.c...
compiling stm32l4xx_hal_uart_ex.c...
compiling stm32l4xx_hal_rcc_ex.c...
compiling stm32l4xx_hal_pwr.c...
compiling stm32l4xx_hal_uart.c...
compiling stm32l4xx_hal_i2c.c...
compiling stm32l4xx_hal_i2c_ex.c...
compiling stm32l4xx_hal_dma_ex.c...
compiling stm32l4xx_hal_rcc.c...
compiling system_stm32l4xx.c...
linking...
Program Size: Code=8528 RO-data=496 RW-data=20 ZI-data=1212  
After Build - User command #1: fromelf --bin -o  .\motor_test2\motor_test2.bin    .\motor_test2\motor_test2.axf
"motor_test2\motor_test2.axf" - 0 Error(s), 5 Warning(s).

<h2>Software Packages used:</h2>

Package Vendor: ARM
                http://www.keil.com/pack/ARM.CMSIS.5.4.0.pack
                ARM.CMSIS.5.4.0
                CMSIS (Cortex Microcontroller Software Interface Standard)
   * Component: CORE Version: 5.1.2

Package Vendor: Keil
                http://www.keil.com/pack/Keil.STM32L4xx_DFP.2.2.0.pack
                Keil.STM32L4xx_DFP.2.2.0
                STMicroelectronics STM32L4 Series Device Support, Drivers and Examples

<h2>Collection of Component include folders:</h2>
  .\RTE\_motor_test2
  D:\mdk526\ARM\PACK\ARM\CMSIS\5.4.0\CMSIS\Core\Include
  D:\mdk526\ARM\PACK\Keil\STM32L4xx_DFP\2.2.0\Drivers\CMSIS\Device\ST\STM32L4xx\Include

<h2>Collection of Component Files used:</h2>

   * Component: ARM::CMSIS:CORE:5.1.2
Build Time Elapsed:  00:03:51
</pre>
</body>
</html>
